// Jest Snapshot v1, https://goo.gl/fbAQLP

exports[`<Checkbox /> should render with placeholder 1`] = `
.c0 {
  display: -webkit-box;
  display: -webkit-flex;
  display: -ms-flexbox;
  display: flex;
  -webkit-align-items: center;
  -webkit-box-align: center;
  -ms-flex-align: center;
  align-items: center;
  background: transparent;
  border: 0.1rem solid #555555;
  border-radius: 0.6rem;
  width: 100%;
  max-width: 44.5rem;
  position: relative;
}

.c0:focus-within {
  background: #253245;
}

.c1 {
  color: #FFFFFF;
  font-family: 'Poppins',-apple-system,BlinkMacSystemFont,'Segoe UI',Roboto,Oxygen,Ubuntu,Cantarell,'Open Sans','Helvetica Neue',sans-serif;
  font-size: 1.6rem;
  font-weight: 500;
  padding: 2rem 3.3rem;
  background: transparent;
  border: 0;
  outline: none;
  width: 100%;
}

.c1::-webkit-input-placeholder {
  color: #FFFFFF;
}

.c1::-moz-placeholder {
  color: #FFFFFF;
}

.c1:-ms-input-placeholder {
  color: #FFFFFF;
}

.c1::placeholder {
  color: #FFFFFF;
}

.c1:-webkit-autofill {
  border-radius: 0.6rem;
  -webkit-filter: none;
  filter: none;
  -webkit-text-fill-color: white !important;
  font-family: 'Poppins',-apple-system,BlinkMacSystemFont,'Segoe UI',Roboto,Oxygen,Ubuntu,Cantarell,'Open Sans','Helvetica Neue',sans-serif;
  font-size: 1.6rem;
}

.c1:-webkit-autofill,
.c1:-webkit-autofill:active,
.c1:-webkit-autofill:focus,
.c1:-webkit-autofill:hover {
  -webkit-box-shadow: 0 0 0 5rem #253245 inset !important;
}

.c1:-webkit-autofill::first-line {
  font-family: 'Poppins',-apple-system,BlinkMacSystemFont,'Segoe UI',Roboto,Oxygen,Ubuntu,Cantarell,'Open Sans','Helvetica Neue',sans-serif;
  font-size: 1.6rem;
  color: #fff;
}

<div
  class="c0"
>
  <input
    class="c1"
    placeholder="Test"
    type="text"
  />
</div>
`
